
	Home License -- for personal use only.  Not for government,
	academic, research, commercial, or other organizational use.

Starting parallel pool (parpool) using the 'Threads' profile ...
Connected to parallel pool with 6 workers.
jointstar2.estimate: T=206 quarters, 405 parameters, parallel=1
SMC: N=2000, d=405, M=2 MH steps, ESS target 50%, seed 42
  stage   1  phi=0.00590  ESS   2000->  1000  acc=0.25  62.4s
  stage   2  phi=0.01312  ESS   2000->  1000  acc=0.20  60.6s
  stage   3  phi=0.02220  ESS   2000->  1000  acc=0.18  62.2s
  stage   4  phi=0.03449  ESS   2000->  1000  acc=0.29  68.4s
  stage   5  phi=0.04985  ESS   2000->  1000  acc=0.30  71.8s
  stage   6  phi=0.06685  ESS   2000->  1000  acc=0.32  72.9s
  stage   7  phi=0.08411  ESS   2000->  1000  acc=0.33  75.9s
  stage   8  phi=0.10259  ESS   2000->  1000  acc=0.34  78.6s
  stage   9  phi=0.12322  ESS   2000->  1000  acc=0.35  81.1s
  stage  10  phi=0.14450  ESS   2000->  1000  acc=0.28  82.3s
  stage  11  phi=0.16491  ESS   2000->  1000  acc=0.28  83.0s
  stage  12  phi=0.18523  ESS   2000->  1000  acc=0.28  83.5s
  stage  13  phi=0.20650  ESS   2000->  1000  acc=0.29  84.4s
  stage  14  phi=0.23156  ESS   2000->  1000  acc=0.29  84.2s
  stage  15  phi=0.26403  ESS   2000->  1000  acc=0.29  83.7s
  stage  16  phi=0.30106  ESS   2000->  1000  acc=0.28  83.5s
  stage  17  phi=0.33663  ESS   2000->  1000  acc=0.27  82.7s
  stage  18  phi=0.37099  ESS   2000->  1000  acc=0.26  81.9s
  stage  19  phi=0.41064  ESS   2000->  1000  acc=0.27  83.0s
  stage  20  phi=0.45961  ESS   2000->  1000  acc=0.27  83.9s
  stage  21  phi=0.51883  ESS   2000->  1000  acc=0.27  85.9s
  stage  22  phi=0.58413  ESS   2000->  1000  acc=0.26  84.6s
  stage  23  phi=0.65957  ESS   2000->  1000  acc=0.25  83.4s
  stage  24  phi=0.74018  ESS   2000->  1000  acc=0.24  99.9s
  stage  25  phi=0.82069  ESS   2000->  1000  acc=0.22  91.6s
  stage  26  phi=0.89809  ESS   2000->  1000  acc=0.21  85.7s
  stage  27  phi=0.96489  ESS   2000->  1000  acc=0.22  82.6s
  stage  28  phi=1.00000  ESS   2000->  1606  acc=0.21  92.6s
done: 37.6 min wall-clock, logZ = -558.98
=== cp6a done ===
jointstar2.estimate: T=206 quarters, 405 parameters, parallel=1
SMC: N=2000, d=405, M=2 MH steps, ESS target 50%, seed 42
  stage   1  phi=0.00483  ESS   2000->  1000  acc=0.25  70.1s
  stage   2  phi=0.01106  ESS   2000->  1000  acc=0.20  67.0s
  stage   3  phi=0.01929  ESS   2000->  1000  acc=0.26  77.7s
  stage   4  phi=0.02919  ESS   2000->  1000  acc=0.28  86.4s
  stage   5  phi=0.04043  ESS   2000->  1000  acc=0.29  78.8s
  stage   6  phi=0.05360  ESS   2000->  1000  acc=0.32  78.1s
  stage   7  phi=0.06742  ESS   2000->  1000  acc=0.33  92.2s
  stage   8  phi=0.08062  ESS   2000->  1000  acc=0.34  87.9s
  stage   9  phi=0.09455  ESS   2000->  1000  acc=0.37  87.0s
  stage  10  phi=0.11282  ESS   2000->  1000  acc=0.30  87.3s
  stage  11  phi=0.13669  ESS   2000->  1000  acc=0.31  88.8s
  stage  12  phi=0.16284  ESS   2000->  1000  acc=0.31  88.3s
  stage  13  phi=0.19118  ESS   2000->  1000  acc=0.30  87.7s
  stage  14  phi=0.22402  ESS   2000->  1000  acc=0.29  106.4s
  stage  15  phi=0.26378  ESS   2000->  1000  acc=0.28  97.5s
  stage  16  phi=0.30744  ESS   2000->  1000  acc=0.27  89.2s
  stage  17  phi=0.35382  ESS   2000->  1000  acc=0.27  91.4s
  stage  18  phi=0.39915  ESS   2000->  1000  acc=0.26  88.9s
  stage  19  phi=0.44374  ESS   2000->  1000  acc=0.25  88.7s
  stage  20  phi=0.49487  ESS   2000->  1000  acc=0.24  88.6s
  stage  21  phi=0.55434  ESS   2000->  1000  acc=0.25  88.2s
  stage  22  phi=0.61748  ESS   2000->  1000  acc=0.25  88.5s
  stage  23  phi=0.68183  ESS   2000->  1000  acc=0.25  108.3s
  stage  24  phi=0.74393  ESS   2000->  1000  acc=0.23  102.2s
  stage  25  phi=0.80098  ESS   2000->  1000  acc=0.23  89.3s
  stage  26  phi=0.85819  ESS   2000->  1000  acc=0.22  91.9s
  stage  27  phi=0.92211  ESS   2000->  1000  acc=0.23  90.2s
  stage  28  phi=0.99352  ESS   2000->  1000  acc=0.23  89.9s
  stage  29  phi=1.00000  ESS   2000->  1987  acc=0.21  90.0s
done: 42.8 min wall-clock, logZ = -627.73
=== cp7 done ===

param                    cp6a (no anchor)            cp7 (pi_e anchor)
nu               -0.102 [-0.166,-0.019]     -0.059 [-0.107,-0.007]
gamma2           -0.255 [-0.295,-0.215]     -0.252 [-0.286,-0.215]
sig_gz            0.052 [ 0.045, 0.059]      0.039 [ 0.035, 0.043]
sig_xi            0.158 [ 0.135, 0.179]      0.135 [ 0.120, 0.149]
sig_pie           0.289 [ 0.254, 0.332]      0.227 [ 0.203, 0.254]
phisum            0.745 [ 0.603, 0.877]      0.901 [ 0.824, 0.967]
phi2             -0.259 [-0.394,-0.143]     -0.028 [-0.201, 0.135]
phiy              0.008 [-0.016, 0.029]      0.065 [ 0.045, 0.085]
phiu             -0.027 [-0.038,-0.017]      0.019 [ 0.007, 0.032]
phipr             0.006 [-0.002, 0.016]      0.014 [ 0.004, 0.025]
phihpp            0.026 [-0.006, 0.061]      0.020 [ 0.001, 0.041]
phik             -0.007 [-0.013,-0.002]      0.002 [-0.004, 0.007]
kapy_20           2.926 [ 1.578, 4.162]      5.179 [ 4.253, 6.038]
kapu_20           7.317 [ 5.733, 8.843]      7.811 [ 6.181, 9.188]
kappi_2023        3.271 [ 2.134, 4.422]      2.245 [ 1.636, 2.836]
sme_pieobs        0.261 [ 0.227, 0.294]      0.146 [ 0.115, 0.174]
cp6a: r* end = 0.74 [-2.41, 3.96] (band 6.37); mean band width 5.38
cp7: r* end = -0.48 [-6.05, 3.75] (band 9.80); mean band width 6.48
Parallel pool using the 'Threads' profile is shutting down.
