
	Home License -- for personal use only.  Not for government,
	academic, research, commercial, or other organizational use.

Starting parallel pool (parpool) using the 'Threads' profile ...
Connected to parallel pool with 6 workers.
jointstar2.estimate: T=206 quarters, 66 parameters, parallel=1
SMC: N=2000, d=66, M=4 MH steps, ESS target 50%, seed 42
  stage   1  phi=0.00747  ESS   2000->  1000  acc=0.04  6.2s
  stage   2  phi=0.01633  ESS   2000->  1000  acc=0.06  7.5s
  stage   3  phi=0.02804  ESS   2000->  1000  acc=0.12  9.3s
  stage   4  phi=0.04322  ESS   2000->  1000  acc=0.24  17.9s
  stage   5  phi=0.05894  ESS   2000->  1000  acc=0.34  17.9s
  stage   6  phi=0.07714  ESS   2000->  1000  acc=0.41  20.7s
  stage   7  phi=0.10017  ESS   2000->  1000  acc=0.43  23.0s
  stage   8  phi=0.12942  ESS   2000->  1000  acc=0.44  23.1s
  stage   9  phi=0.16459  ESS   2000->  1000  acc=0.44  23.0s
  stage  10  phi=0.20794  ESS   2000->  1000  acc=0.46  24.5s
  stage  11  phi=0.26252  ESS   2000->  1000  acc=0.47  24.0s
  stage  12  phi=0.32436  ESS   2000->  1000  acc=0.46  23.9s
  stage  13  phi=0.39023  ESS   2000->  1000  acc=0.46  24.4s
  stage  14  phi=0.46926  ESS   2000->  1000  acc=0.47  24.4s
  stage  15  phi=0.55984  ESS   2000->  1000  acc=0.48  24.1s
  stage  16  phi=0.65925  ESS   2000->  1000  acc=0.48  25.9s
  stage  17  phi=0.76309  ESS   2000->  1000  acc=0.48  23.7s
  stage  18  phi=0.87459  ESS   2000->  1000  acc=0.47  23.0s
  stage  19  phi=0.99370  ESS   2000->  1000  acc=0.47  23.2s
  stage  20  phi=1.00000  ESS   2000->  1996  acc=0.48  23.3s
done: 6.9 min wall-clock, logZ = -587.04
     param        mean          sd           q05          q50          q95    
    ________    _________    _________    _________    _________    __________

    "gamma1"      0.58901     0.048666      0.51173      0.58666       0.67074
    "gamma2"     -0.33305     0.029668     -0.38133     -0.33227       -0.2848
    "xi1"        -0.18975     0.057913     -0.28205     -0.19112      -0.09431
    "rhoU"        0.62525     0.058759       0.5279      0.62474       0.72144
    "phisum"       0.8183     0.073311      0.68537      0.82692       0.92241
    "phi2"        0.05049     0.084525    -0.085235     0.051421       0.19583
    "nu"        -0.069618     0.042785     -0.14479    -0.066274    -0.0037478
    "alpha"       0.37983     0.013814      0.35629      0.38016       0.40132
    "sig_gz"     0.046763    0.0046634     0.038427     0.047043      0.053748
    "sig_xi"      0.16881     0.016178      0.14259      0.16891       0.19579

Parallel pool using the 'Threads' profile is shutting down.
