
	Home License -- for personal use only.  Not for government,
	academic, research, commercial, or other organizational use.

Starting parallel pool (parpool) using the 'Threads' profile ...
Connected to parallel pool with 6 workers.
jointstar2.estimate: T=206 quarters, 405 parameters, parallel=1
SMC: N=2000, d=405, M=2 MH steps, ESS target 50%, seed 42
  stage   1  phi=0.00497  ESS   2000->  1000  acc=0.25  90.2s
  stage   2  phi=0.01086  ESS   2000->  1000  acc=0.20  79.1s
  stage   3  phi=0.01799  ESS   2000->  1000  acc=0.27  73.9s
  stage   4  phi=0.02766  ESS   2000->  1000  acc=0.28  78.5s
  stage   5  phi=0.04143  ESS   2000->  1000  acc=0.32  117.4s
  stage   6  phi=0.05862  ESS   2000->  1000  acc=0.34  112.1s
  stage   7  phi=0.07748  ESS   2000->  1000  acc=0.35  94.1s
  stage   8  phi=0.09861  ESS   2000->  1000  acc=0.26  91.4s
  stage   9  phi=0.12264  ESS   2000->  1000  acc=0.26  92.3s
  stage  10  phi=0.14651  ESS   2000->  1000  acc=0.25  95.1s
  stage  11  phi=0.16952  ESS   2000->  1000  acc=0.25  101.0s
  stage  12  phi=0.19129  ESS   2000->  1000  acc=0.24  100.6s
  stage  13  phi=0.21256  ESS   2000->  1000  acc=0.25  125.7s
  stage  14  phi=0.23610  ESS   2000->  1000  acc=0.26  98.7s
  stage  15  phi=0.26103  ESS   2000->  1000  acc=0.27  91.6s
  stage  16  phi=0.28823  ESS   2000->  1000  acc=0.27  93.0s
  stage  17  phi=0.32105  ESS   2000->  1000  acc=0.28  93.2s
  stage  18  phi=0.36355  ESS   2000->  1000  acc=0.27  90.5s
  stage  19  phi=0.41011  ESS   2000->  1000  acc=0.26  89.0s
  stage  20  phi=0.45787  ESS   2000->  1000  acc=0.25  95.3s
  stage  21  phi=0.50877  ESS   2000->  1000  acc=0.25  98.1s
  stage  22  phi=0.56329  ESS   2000->  1000  acc=0.25  97.7s
  stage  23  phi=0.61822  ESS   2000->  1000  acc=0.24  97.7s
  stage  24  phi=0.67293  ESS   2000->  1000  acc=0.24  92.4s
  stage  25  phi=0.72900  ESS   2000->  1000  acc=0.24  95.3s
  stage  26  phi=0.78513  ESS   2000->  1000  acc=0.23  101.2s
  stage  27  phi=0.84346  ESS   2000->  1000  acc=0.24  99.4s
  stage  28  phi=0.90278  ESS   2000->  1000  acc=0.23  88.7s
  stage  29  phi=0.96434  ESS   2000->  1000  acc=0.22  91.0s
  stage  30  phi=1.00000  ESS   2000->  1597  acc=0.22  89.5s
done: 47.6 min wall-clock, logZ = -621.44
score: 17/23 overlap, 14/23 factor2
       param           mean          sd           q05          q50           q95    
    ____________    __________    _________    _________    __________    __________

    "gamma2"            -0.163     0.023491     -0.20477       -0.1618      -0.12756
    "phisum"           0.89845     0.034674      0.84412       0.89827       0.96084
    "phi2"             -0.2142     0.083451     -0.34904      -0.21704     -0.077223
    "nu"             -0.075446      0.02029       -0.106     -0.077076     -0.039984
    "phiy"           -0.036513    0.0089844    -0.050365     -0.036897     -0.020935
    "phiu"          -0.0099988    0.0047696     -0.01846    -0.0095115    -0.0029581
    "sig_gz"          0.057045    0.0046474     0.048613      0.057543      0.063812
    "sig_xi"          0.092549     0.018047     0.065968      0.090902       0.12701
    "kapy_20"           9.1001      0.90734       7.5298        9.1097        10.565
    "kappi_2023"        2.6703      0.47294       1.8761         2.666        3.4644

r* end 0.97 [-1.94,3.60] band 5.54, mean band 4.34
Parallel pool using the 'Threads' profile is shutting down.
